ARM Linker, 5.03 [Build 24] [MDK-ARM Standard]

==============================================================================

Section Cross References

    main.o(.text) refers to initialize.o(.text) for MCU_Init
    main.o(.text) refers to os_core.o(.text) for OSInit
    main.o(.text) refers to led.o(.text) for LED_Init
    main.o(.text) refers to delay.o(.text) for delay_init
    main.o(.text) refers to os_task.o(.text) for OSTaskCreate
    main.o(.text) refers to main.o(.bss) for MainTask_STK
    main.o(.text) refers to motorgui.o(.text) for motorMain
    stm32f10x_it.o(.text) refers to os_core.o(.text) for OSIntEnter
    stm32f10x_it.o(.text) refers to stm32f10x_tim.o(.text) for TIM_ClearITPendingBit
    stm32f10x_it.o(.text) refers to stm32f10x_exti.o(.text) for EXTI_GetITStatus
    widget_simpleprogbar.o(.text) refers to gui_setfont.o(.text) for GUI_SetFont
    widget_simpleprogbar.o(.text) refers to gui_dispstringat.o(.text) for GUI_DispStringAt
    widget_simpleprogbar.o(.text) refers to progbar_create.o(.text) for PROGBAR_Create
    widget_simpleprogbar.o(.text) refers to guitime.o(.text) for GUI_Delay
    widget_simpleprogbar.o(.text) refers to progbar.o(.text) for PROGBAR_SetValue
    widget_simpleprogbar.o(.text) refers to wm.o(.text) for WM_DeleteWindow
    widget_simpleprogbar.o(.text) refers to guicore.o(.text) for GUI_ClearRect
    widget_simpleprogbar.o(.text) refers to gui_setcolor.o(.text) for GUI_SetBkColor
    widget_simpleprogbar.o(.text) refers to gui_dispstringhcenter.o(.text) for GUI_DispStringHCenterAt
    widget_simpleprogbar.o(.text) refers to f8x16.o(.constdata) for GUI_Font8x16
    widget_simpleprogbar.o(.text) refers to f24_ascii.o(.constdata) for GUI_Font24_ASCII
    widget_listview.o(.text) refers to wm_getdesktopwindow.o(.text) for WM_GetDesktopWindow
    widget_listview.o(.text) refers to wm.o(.text) for WM_SendMessage
    widget_listview.o(.text) refers to guitime.o(.text) for GUI_Delay
    widget_listview.o(.text) refers to strcpy.o(.text) for strcpy
    widget_listview.o(.text) refers to gui_setcolor.o(.text) for GUI_SetBkColor
    widget_listview.o(.text) refers to guicore.o(.text) for GUI_Clear
    widget_listview.o(.text) refers to gui_setfont.o(.text) for GUI_SetFont
    widget_listview.o(.text) refers to gui_dispstringhcenter.o(.text) for GUI_DispStringHCenterAt
    widget_listview.o(.text) refers to gui_dispstringat.o(.text) for GUI_DispStringAt
    widget_listview.o(.text) refers to memmovea.o(.text) for __aeabi_memcpy4
    widget_listview.o(.text) refers to listview_getheader.o(.text) for LISTVIEW_GetHeader
    widget_listview.o(.text) refers to wm_setfocus.o(.text) for WM_SetFocus
    widget_listview.o(.text) refers to listview.o(.text) for LISTVIEW_AddColumn
    widget_listview.o(.text) refers to scrollbar_create.o(.text) for SCROLLBAR_CreateAttached
    widget_listview.o(.text) refers to listview_getnumrows.o(.text) for LISTVIEW_GetNumRows
    widget_listview.o(.text) refers to listview_settextalign.o(.text) for LISTVIEW_SetTextAlign
    widget_listview.o(.text) refers to listview_setcolumnwidth.o(.text) for LISTVIEW_SetColumnWidth
    widget_listview.o(.text) refers to header.o(.text) for HEADER_SetTextColor
    widget_listview.o(.text) refers to listview_setitemtext.o(.text) for LISTVIEW_SetItemText
    widget_listview.o(.text) refers to listview_setbkcolor.o(.text) for LISTVIEW_SetBkColor
    widget_listview.o(.text) refers to listview_setgridvis.o(.text) for LISTVIEW_SetGridVis
    widget_listview.o(.text) refers to header_bitmap.o(.text) for HEADER_SetBitmap
    widget_listview.o(.text) refers to gui_onkey.o(.text) for GUI_GetKey
    widget_listview.o(.text) refers to listview_create.o(.text) for LISTVIEW_Create
    widget_listview.o(.text) refers to wmmemdev.o(.text) for WM_EnableMemdev
    widget_listview.o(.text) refers to wm_setcreateflags.o(.text) for WM_SetCreateFlags
    widget_listview.o(.text) refers to wm_setcallback.o(.text) for WM_SetCallback
    widget_listview.o(.text) refers to guicurs.o(.text) for GUI_CURSOR_Show
    widget_listview.o(.text) refers to widget_listview.o(.bss) for _acMainText
    widget_listview.o(.text) refers to f24_ascii.o(.constdata) for GUI_Font24_ASCII
    widget_listview.o(.text) refers to f8x16.o(.constdata) for GUI_Font8x16
    widget_listview.o(.text) refers to f8x8.o(.constdata) for GUI_Font8x8
    widget_listview.o(.text) refers to widget_listview.o(.data) for _hListView
    widget_listview.o(.text) refers to widget_listview.o(.constdata) for bmBarCode
    widget_listview.o(.data) refers to widget_listview.o(.conststring) for .conststring
    widget_framewin.o(.text) refers to guitime.o(.text) for GUI_Delay
    widget_framewin.o(.text) refers to wm_getdesktopwindow.o(.text) for WM_GetDesktopWindow
    widget_framewin.o(.text) refers to wm.o(.text) for WM_SendMessage
    widget_framewin.o(.text) refers to gui_setcolor.o(.text) for GUI_SetBkColor
[...]
    acFont13_1_00E8                          0x0801bfd7   Data          13  f13_1.o(.constdata)
    acFont13_1_00E9                          0x0801bfe4   Data          13  f13_1.o(.constdata)
    acFont13_1_00EA                          0x0801bff1   Data          13  f13_1.o(.constdata)
    acFont13_1_00EB                          0x0801bffe   Data          13  f13_1.o(.constdata)
    acFont13_1_00EC                          0x0801c00b   Data          13  f13_1.o(.constdata)
    acFont13_1_00ED                          0x0801c018   Data          13  f13_1.o(.constdata)
    acFont13_1_00EE                          0x0801c025   Data          13  f13_1.o(.constdata)
    acFont13_1_00EF                          0x0801c032   Data          13  f13_1.o(.constdata)
    acFont13_1_00F0                          0x0801c03f   Data          13  f13_1.o(.constdata)
    acFont13_1_00F1                          0x0801c04c   Data          13  f13_1.o(.constdata)
    acFont13_1_00F2                          0x0801c059   Data          13  f13_1.o(.constdata)
    acFont13_1_00F3                          0x0801c066   Data          13  f13_1.o(.constdata)
    acFont13_1_00F4                          0x0801c073   Data          13  f13_1.o(.constdata)
    acFont13_1_00F5                          0x0801c080   Data          13  f13_1.o(.constdata)
    acFont13_1_00F6                          0x0801c08d   Data          13  f13_1.o(.constdata)
    acFont13_1_00F7                          0x0801c09a   Data          13  f13_1.o(.constdata)
    acFont13_1_00F8                          0x0801c0a7   Data          13  f13_1.o(.constdata)
    acFont13_1_00F9                          0x0801c0b4   Data          13  f13_1.o(.constdata)
    acFont13_1_00FA                          0x0801c0c1   Data          13  f13_1.o(.constdata)
    acFont13_1_00FB                          0x0801c0ce   Data          13  f13_1.o(.constdata)
    acFont13_1_00FC                          0x0801c0db   Data          13  f13_1.o(.constdata)
    acFont13_1_00FD                          0x0801c0e8   Data          13  f13_1.o(.constdata)
    acFont13_1_00FE                          0x0801c0f5   Data          13  f13_1.o(.constdata)
    acFont13_1_00FF                          0x0801c102   Data          13  f13_1.o(.constdata)
    GUI_Font13_1_CharInfo                    0x0801c110   Data         768  f13_1.o(.constdata)
    GUI_Font13_1_Prop1                       0x0801c410   Data          12  f13_1.o(.constdata)
    GUI_Font13_1                             0x0801c41c   Data          32  f13_1.o(.constdata)
    acFont13ASCII_0020                       0x0801c43c   Data          13  f13_ascii.o(.constdata)
    acFont13ASCII_0021                       0x0801c449   Data          13  f13_ascii.o(.constdata)
    acFont13ASCII_0022                       0x0801c456   Data          13  f13_ascii.o(.constdata)
    acFont13ASCII_0023                       0x0801c463   Data          13  f13_ascii.o(.constdata)
    acFont13ASCII_0024                       0x0801c470   Data          13  f13_ascii.o(.constdata)
    acFont13ASCII_0025                       0x0801c47d   Data          26  f13_ascii.o(.constdata)
    acFont13ASCII_0026                       0x0801c497   Data          13  f13_ascii.o(.constdata)
    acFont13ASCII_0027                       0x0801c4a4   Data          13  f13_ascii.o(.constdata)
    acFont13ASCII_0028                       0x0801c4b1   Data          13  f13_ascii.o(.constdata)
    acFont13ASCII_0029                       0x0801c4be   Data          13  f13_ascii.o(.constdata)
    acFont13ASCII_002A                       0x0801c4cb   Data          13  f13_ascii.o(.constdata)
    acFont13ASCII_002B                       0x0801c4d8   Data          13  f13_ascii.o(.constdata)
    acFont13ASCII_002C                       0x0801c4e5   Data          13  f13_ascii.o(.constdata)
    acFont13ASCII_002D                       0x0801c4f2   Data          13  f13_ascii.o(.constdata)
    acFont13ASCII_002E                       0x0801c4ff   Data          13  f13_ascii.o(.constdata)
    acFont13ASCII_002F                       0x0801c50c   Data          13  f13_ascii.o(.constdata)
    acFont13ASCII_0030                       0x0801c519   Data          13  f13_ascii.o(.constdata)
    acFont13ASCII_0031                       0x0801c526   Data          13  f13_ascii.o(.constdata)
    acFont13ASCII_0032                       0x0801c533   Data          13  f13_ascii.o(.constdata)
    acFont13ASCII_0033                       0x0801c540   Data          13  f13_ascii.o(.constdata)
    acFont13ASCII_0034                       0x0801c54d   Data          13  f13_ascii.o(.constdata)
    acFont13ASCII_0035                       0x0801c55a   Data          13  f13_ascii.o(.constdata)
    acFont13ASCII_0036                       0x0801c567   Data          13  f13_ascii.o(.constdata)
    acFont13ASCII_0037                       0x0801c574   Data          13  f13_ascii.o(.constdata)
    acFont13ASCII_0038                       0x0801c581   Data          13  f13_ascii.o(.constdata)
    acFont13ASCII_0039                       0x0801c58e   Data          13  f13_ascii.o(.constdata)
    acFont13ASCII_003A                       0x0801c59b   Data          13  f13_ascii.o(.constdata)
    acFont13ASCII_003B                       0x0801c5a8   Data          13  f13_ascii.o(.constdata)
    acFont13ASCII_003C                       0x0801c5b5   Data          13  f13_ascii.o(.constdata)
    acFont13ASCII_003D                       0x0801c5c2   Data          13  f13_ascii.o(.constdata)
    acFont13ASCII_003E                       0x0801c5cf   Data          13  f13_ascii.o(.constdata)
    acFont13ASCII_003F                       0x0801c5dc   Data          13  f13_ascii.o(.constdata)
    acFont13ASCII_0040                       0x0801c5e9   Data          26  f13_ascii.o(.constdata)
    acFont13ASCII_0041                       0x0801c603   Data          13  f13_ascii.o(.constdata)
    acFont13ASCII_0042                       0x0801c610   Data          13  f13_ascii.o(.constdata)
    acFont13ASCII_0043                       0x0801c61d   Data          13  f13_ascii.o(.constdata)
    acFont13ASCII_0044                       0x0801c62a   Data          13  f13_ascii.o(.constdata)
    acFont13ASCII_0045                       0x0801c637   Data          13  f13_ascii.o(.constdata)
    acFont13ASCII_0046                       0x0801c644   Data          13  f13_ascii.o(.constdata)
    acFont13ASCII_0047                       0x0801c651   Data          13  f13_ascii.o(.constdata)
    acFont13ASCII_0048                       0x0801c65e   Data          13  f13_ascii.o(.constdata)
    acFont13ASCII_0049                       0x0801c66b   Data          13  f13_ascii.o(.constdata)
    acFont13ASCII_004A                       0x0801c678   Data          13  f13_ascii.o(.constdata)
    acFont13ASCII_004B                       0x0801c685   Data          13  f13_ascii.o(.constdata)
    acFont13ASCII_004C                       0x0801c692   Data          13  f13_ascii.o(.constdata)
    acFont13ASCII_004D                       0x0801c69f   Data          13  f13_ascii.o(.constdata)
    acFont13ASCII_004E                       0x0801c6ac   Data          13  f13_ascii.o(.constdata)
    acFont13ASCII_004F                       0x0801c6b9   Data          13  f13_ascii.o(.constdata)
    acFont13ASCII_0050                       0x0801c6c6   Data          13  f13_ascii.o(.constdata)
    acFont13ASCII_0051                       0x0801c6d3   Data          13  f13_ascii.o(.constdata)
    acFont13ASCII_0052                       0x0801c6e0   Data          13  f13_ascii.o(.constdata)
    acFont13ASCII_0053                       0x0801c6ed   Data          13  f13_ascii.o(.constdata)
    acFont13ASCII_0054                       0x0801c6fa   Data          13  f13_ascii.o(.constdata)
    acFont13ASCII_0055                       0x0801c707   Data          13  f13_ascii.o(.constdata)
    acFont13ASCII_0056                       0x0801c714   Data          13  f13_ascii.o(.constdata)
    acFont13ASCII_0057                       0x0801c721   Data          26  f13_ascii.o(.constdata)
    acFont13ASCII_0058                       0x0801c73b   Data          13  f13_ascii.o(.constdata)
    acFont13ASCII_0059                       0x0801c748   Data          13  f13_ascii.o(.constdata)
    acFont13ASCII_005A                       0x0801c755   Data          13  f13_ascii.o(.constdata)
    acFont13ASCII_005B                       0x0801c762   Data          13  f13_ascii.o(.constdata)
    acFont13ASCII_005C                       0x0801c76f   Data          13  f13_ascii.o(.constdata)
    acFont13ASCII_005D                       0x0801c77c   Data          13  f13_ascii.o(.constdata)
    acFont13ASCII_005E                       0x0801c789   Data          13  f13_ascii.o(.constdata)
    acFont13ASCII_005F                       0x0801c796   Data          13  f13_ascii.o(.constdata)
    acFont13ASCII_0060                       0x0801c7a3   Data          13  f13_ascii.o(.constdata)
    acFont13ASCII_0061                       0x0801c7b0   Data          13  f13_ascii.o(.constdata)
    acFont13ASCII_0062                       0x0801c7bd   Data          13  f13_ascii.o(.constdata)
    acFont13ASCII_0063                       0x0801c7ca   Data          13  f13_ascii.o(.constdata)
    acFont13ASCII_0064                       0x0801c7d7   Data          13  f13_ascii.o(.constdata)
    acFont13ASCII_0065                       0x0801c7e4   Data          13  f13_ascii.o(.constdata)
    acFont13ASCII_0066                       0x0801c7f1   Data          13  f13_ascii.o(.constdata)
    acFont13ASCII_0067                       0x0801c7fe   Data          13  f13_ascii.o(.constdata)
    acFont13ASCII_0068                       0x0801c80b   Data          13  f13_ascii.o(.constdata)
    acFont13ASCII_0069                       0x0801c818   Data          13  f13_ascii.o(.constdata)
    acFont13ASCII_006A                       0x0801c825   Data          13  f13_ascii.o(.constdata)
    acFont13ASCII_006B                       0x0801c832   Data          13  f13_ascii.o(.constdata)
    acFont13ASCII_006C                       0x0801c83f   Data          13  f13_ascii.o(.constdata)
    acFont13ASCII_006D                       0x0801c84c   Data          13  f13_ascii.o(.constdata)
    acFont13ASCII_006E                       0x0801c859   Data          13  f13_ascii.o(.constdata)
    acFont13ASCII_006F                       0x0801c866   Data          13  f13_ascii.o(.constdata)
    acFont13ASCII_0070                       0x0801c873   Data          13  f13_ascii.o(.constdata)
    acFont13ASCII_0071                       0x0801c880   Data          13  f13_ascii.o(.constdata)
    acFont13ASCII_0072                       0x0801c88d   Data          13  f13_ascii.o(.constdata)
    acFont13ASCII_0073                       0x0801c89a   Data          13  f13_ascii.o(.constdata)
    acFont13ASCII_0074                       0x0801c8a7   Data          13  f13_ascii.o(.constdata)
    acFont13ASCII_0075                       0x0801c8b4   Data          13  f13_ascii.o(.constdata)
    acFont13ASCII_0076                       0x0801c8c1   Data          13  f13_ascii.o(.constdata)
    acFont13ASCII_0077                       0x0801c8ce   Data          13  f13_ascii.o(.constdata)
    acFont13ASCII_0078                       0x0801c8db   Data          13  f13_ascii.o(.constdata)
    acFont13ASCII_0079                       0x0801c8e8   Data          13  f13_ascii.o(.constdata)
    acFont13ASCII_007A                       0x0801c8f5   Data          13  f13_ascii.o(.constdata)
    acFont13ASCII_007B                       0x0801c902   Data          13  f13_ascii.o(.constdata)
    acFont13ASCII_007C                       0x0801c90f   Data          13  f13_ascii.o(.constdata)
    acFont13ASCII_007D                       0x0801c91c   Data          13  f13_ascii.o(.constdata)
    acFont13ASCII_007E                       0x0801c929   Data          13  f13_ascii.o(.constdata)
    GUI_Font13ASCII_CharInfo                 0x0801c938   Data         760  f13_ascii.o(.constdata)
    GUI_Font13ASCII_Prop1                    0x0801cc30   Data          12  f13_ascii.o(.constdata)
    GUI_Font13_ASCII                         0x0801cc3c   Data          32  f13_ascii.o(.constdata)
    acFont32_ASCII_0020                      0x0801cc5c   Data          32  f32_ascii.o(.constdata)
    acFont32_ASCII_0021                      0x0801cc7c   Data          32  f32_ascii.o(.constdata)
    acFont32_ASCII_0022                      0x0801cc9c   Data          64  f32_ascii.o(.constdata)
    acFont32_ASCII_0023                      0x0801ccdc   Data          64  f32_ascii.o(.constdata)
    acFont32_ASCII_0024                      0x0801cd1c   Data          64  f32_ascii.o(.constdata)
    acFont32_ASCII_0025                      0x0801cd5c   Data          96  f32_ascii.o(.constdata)
    acFont32_ASCII_0026                      0x0801cdbc   Data          96  f32_ascii.o(.constdata)
    acFont32_ASCII_0027                      0x0801ce1c   Data          32  f32_ascii.o(.constdata)
    acFont32_ASCII_0028                      0x0801ce3c   Data          64  f32_ascii.o(.constdata)
    acFont32_ASCII_0029                      0x0801ce7c   Data          64  f32_ascii.o(.constdata)
    acFont32_ASCII_002A                      0x0801cebc   Data          64  f32_ascii.o(.constdata)
    acFont32_ASCII_002B                      0x0801cefc   Data          64  f32_ascii.o(.constdata)
    acFont32_ASCII_002C                      0x0801cf3c   Data          32  f32_ascii.o(.constdata)
    acFont32_ASCII_002D                      0x0801cf5c   Data          64  f32_ascii.o(.constdata)
    acFont32_ASCII_002E                      0x0801cf9c   Data          32  f32_ascii.o(.constdata)
    acFont32_ASCII_002F                      0x0801cfbc   Data          32  f32_ascii.o(.constdata)
    acFont32_ASCII_0030                      0x0801cfdc   Data          64  f32_ascii.o(.constdata)
    acFont32_ASCII_0031                      0x0801d01c   Data          64  f32_ascii.o(.constdata)
    acFont32_ASCII_0032                      0x0801d05c   Data          64  f32_ascii.o(.constdata)
    acFont32_ASCII_0033                      0x0801d09c   Data          64  f32_ascii.o(.constdata)
    acFont32_ASCII_0034                      0x0801d0dc   Data          64  f32_ascii.o(.constdata)
    acFont32_ASCII_0035                      0x0801d11c   Data          64  f32_ascii.o(.constdata)
    acFont32_ASCII_0036                      0x0801d15c   Data          64  f32_ascii.o(.constdata)
    acFont32_ASCII_0037                      0x0801d19c   Data          64  f32_ascii.o(.constdata)
    acFont32_ASCII_0038                      0x0801d1dc   Data          64  f32_ascii.o(.constdata)
    acFont32_ASCII_0039                      0x0801d21c   Data          64  f32_ascii.o(.constdata)
    acFont32_ASCII_003A                      0x0801d25c   Data          32  f32_ascii.o(.constdata)
    acFont32_ASCII_003B                      0x0801d27c   Data          32  f32_ascii.o(.constdata)
    acFont32_ASCII_003C                      0x0801d29c   Data          64  f32_ascii.o(.constdata)
    acFont32_ASCII_003D                      0x0801d2dc   Data          64  f32_ascii.o(.constdata)
    acFont32_ASCII_003E                      0x0801d31c   Data          64  f32_ascii.o(.constdata)
    acFont32_ASCII_003F                      0x0801d35c   Data          64  f32_ascii.o(.constdata)
    acFont32_ASCII_0040                      0x0801d39c   Data         128  f32_ascii.o(.constdata)
    acFont32_ASCII_0041                      0x0801d41c   Data          96  f32_ascii.o(.constdata)
    acFont32_ASCII_0042                      0x0801d47c   Data          96  f32_ascii.o(.constdata)
    acFont32_ASCII_0043                      0x0801d4dc   Data          96  f32_ascii.o(.constdata)
    acFont32_ASCII_0044                      0x0801d53c   Data          96  f32_ascii.o(.constdata)
    acFont32_ASCII_0045                      0x0801d59c   Data          96  f32_ascii.o(.constdata)
    acFont32_ASCII_0046                      0x0801d5fc   Data          96  f32_ascii.o(.constdata)
    acFont32_ASCII_0047                      0x0801d65c   Data          96  f32_ascii.o(.constdata)
    acFont32_ASCII_0048                      0x0801d6bc   Data          96  f32_ascii.o(.constdata)
    acFont32_ASCII_0049                      0x0801d71c   Data          32  f32_ascii.o(.constdata)
    acFont32_ASCII_004A                      0x0801d73c   Data          64  f32_ascii.o(.constdata)
    acFont32_ASCII_004B                      0x0801d77c   Data          96  f32_ascii.o(.constdata)
    acFont32_ASCII_004C                      0x0801d7dc   Data          64  f32_ascii.o(.constdata)
    acFont32_ASCII_004D                      0x0801d81c   Data          96  f32_ascii.o(.constdata)
    acFont32_ASCII_004E                      0x0801d87c   Data          96  f32_ascii.o(.constdata)
    acFont32_ASCII_004F                      0x0801d8dc   Data          96  f32_ascii.o(.constdata)
    acFont32_ASCII_0050                      0x0801d93c   Data          96  f32_ascii.o(.constdata)
    acFont32_ASCII_0051                      0x0801d99c   Data          96  f32_ascii.o(.constdata)
    acFont32_ASCII_0052                      0x0801d9fc   Data          96  f32_ascii.o(.constdata)
    acFont32_ASCII_0053                      0x0801da5c   Data          96  f32_ascii.o(.constdata)
    acFont32_ASCII_0054                      0x0801dabc   Data          64  f32_ascii.o(.constdata)
    acFont32_ASCII_0055                      0x0801dafc   Data          96  f32_ascii.o(.constdata)
    acFont32_ASCII_0056                      0x0801db5c   Data          96  f32_ascii.o(.constdata)
    acFont32_ASCII_0057                      0x0801dbbc   Data         128  f32_ascii.o(.constdata)
    acFont32_ASCII_0058                      0x0801dc3c   Data          96  f32_ascii.o(.constdata)
    acFont32_ASCII_0059                      0x0801dc9c   Data          96  f32_ascii.o(.constdata)
    acFont32_ASCII_005A                      0x0801dcfc   Data          96  f32_ascii.o(.constdata)
    acFont32_ASCII_005B                      0x0801dd5c   Data          32  f32_ascii.o(.constdata)
    acFont32_ASCII_005C                      0x0801dd7c   Data          32  f32_ascii.o(.constdata)
    acFont32_ASCII_005D                      0x0801dd9c   Data          32  f32_ascii.o(.constdata)
    acFont32_ASCII_005E                      0x0801ddbc   Data          64  f32_ascii.o(.constdata)
    acFont32_ASCII_005F                      0x0801ddfc   Data          64  f32_ascii.o(.constdata)
    acFont32_ASCII_0060                      0x0801de3c   Data          64  f32_ascii.o(.constdata)
    acFont32_ASCII_0061                      0x0801de7c   Data          64  f32_ascii.o(.constdata)
    acFont32_ASCII_0062                      0x0801debc   Data          64  f32_ascii.o(.constdata)
    acFont32_ASCII_0063                      0x0801defc   Data          64  f32_ascii.o(.constdata)
    acFont32_ASCII_0064                      0x0801df3c   Data          64  f32_ascii.o(.constdata)
    acFont32_ASCII_0065                      0x0801df7c   Data          64  f32_ascii.o(.constdata)
    acFont32_ASCII_0066                      0x0801dfbc   Data          32  f32_ascii.o(.constdata)
    acFont32_ASCII_0067                      0x0801dfdc   Data          64  f32_ascii.o(.constdata)
    acFont32_ASCII_0068                      0x0801e01c   Data          64  f32_ascii.o(.constdata)
    acFont32_ASCII_0069                      0x0801e05c   Data          32  f32_ascii.o(.constdata)
    acFont32_ASCII_006A                      0x0801e07c   Data          32  f32_ascii.o(.constdata)
    acFont32_ASCII_006B                      0x0801e09c   Data          64  f32_ascii.o(.constdata)
    acFont32_ASCII_006C                      0x0801e0dc   Data          32  f32_ascii.o(.constdata)
    acFont32_ASCII_006D                      0x0801e0fc   Data          96  f32_ascii.o(.constdata)
    acFont32_ASCII_006E                      0x0801e15c   Data          64  f32_ascii.o(.constdata)
    acFont32_ASCII_006F                      0x0801e19c   Data          64  f32_ascii.o(.constdata)
    acFont32_ASCII_0070                      0x0801e1dc   Data          64  f32_ascii.o(.constdata)
    acFont32_ASCII_0071                      0x0801e21c   Data          64  f32_ascii.o(.constdata)
    acFont32_ASCII_0072                      0x0801e25c   Data          64  f32_ascii.o(.constdata)
    acFont32_ASCII_0073                      0x0801e29c   Data          64  f32_ascii.o(.constdata)
    acFont32_ASCII_0074                      0x0801e2dc   Data          32  f32_ascii.o(.constdata)
    acFont32_ASCII_0075                      0x0801e2fc   Data          64  f32_ascii.o(.constdata)
    acFont32_ASCII_0076                      0x0801e33c   Data          64  f32_ascii.o(.constdata)
    acFont32_ASCII_0077                      0x0801e37c   Data          96  f32_ascii.o(.constdata)
    acFont32_ASCII_0078                      0x0801e3dc   Data          64  f32_ascii.o(.constdata)
    acFont32_ASCII_0079                      0x0801e41c   Data          64  f32_ascii.o(.constdata)
    acFont32_ASCII_007A                      0x0801e45c   Data          64  f32_ascii.o(.constdata)
    acFont32_ASCII_007B                      0x0801e49c   Data          64  f32_ascii.o(.constdata)
    acFont32_ASCII_007C                      0x0801e4dc   Data          32  f32_ascii.o(.constdata)
    acFont32_ASCII_007D                      0x0801e4fc   Data          64  f32_ascii.o(.constdata)
    acFont32_ASCII_007E                      0x0801e53c   Data          64  f32_ascii.o(.constdata)
    GUI_Font32_ASCII_CharInfo                0x0801e57c   Data         760  f32_ascii.o(.constdata)
    GUI_Font32_ASCII_Prop1                   0x0801e874   Data          12  f32_ascii.o(.constdata)
    GUI_Font32_ASCII                         0x0801e880   Data          32  f32_ascii.o(.constdata)
    WIDGET_Effect_3D                         0x0801e8a0   Data          24  widget_effect_3d.o(.constdata)
    WIDGET_Effect_None                       0x0801e8b8   Data          24  widget_effect_none.o(.constdata)
    GUI_MEMDEV__APIList16                    0x0801e8f0   Data          64  guidev_16.o(.constdata)
    __ctype_table                            0x0801e948   Data         129  ctype_o.o(.constdata)
    Region$$Table$$Base                      0x0801ea58   Number         0  anon$$obj.o(Region$$Table)
    Region$$Table$$Limit                     0x0801ea78   Number         0  anon$$obj.o(Region$$Table)
    hConfigDlgFlag                           0x20000000   Data           1  motorgui.o(.data)
    hmainDlgFlag                             0x20000001   Data           1  motorgui.o(.data)
    hkeyboardFlag                            0x20000002   Data           1  motorgui.o(.data)
    showModeCounter                          0x20000003   Data           1  motorgui.o(.data)
    operationCode                            0x20000004   Data           4  motorgui.o(.data)
    moveFlag                                 0x20000008   Data           1  motorgui.o(.data)
    keyboardX                                0x2000000c   Data           4  motorgui.o(.data)
    keyboardY                                0x20000010   Data           4  motorgui.o(.data)
    hConfigDlg                               0x20000016   Data           2  motorgui.o(.data)
    hmainDlg                                 0x20000018   Data           2  motorgui.o(.data)
    hkeyboard                                0x2000001a   Data           2  motorgui.o(.data)
    hCurrentObj                              0x2000001c   Data           2  motorgui.o(.data)
    hEdtDebug                                0x2000007e   Data           2  ikeyboard.o(.data)
    hEdtMsgC                                 0x20000080   Data           2  ikeyboard.o(.data)
    SD_Type                                  0x20000094   Data           1  sd.o(.data)
    SDCard_Info                              0x20000096   Data           6  sd.o(.data)
    ctp_dev                                  0x2000009c   Data          36  gt811.o(.data)
    POINT_COLOR                              0x200000c0   Data           2  blcd.o(.data)
    BACK_COLOR                               0x200000c2   Data           2  blcd.o(.data)
    USART_RX_STA                             0x200000c4   Data           2  usart.o(.data)
    __stdout                                 0x200000c8   Data           4  usart.o(.data)
    SystemCoreClock                          0x20000104   Data           4  system_stm32f10x.o(.data)
    AHBPrescTable                            0x20000108   Data          16  system_stm32f10x.o(.data)
    OSCtxSwCtr                               0x20000118   Data           4  os_core.o(.data)
    OSEventFreeList                          0x2000011c   Data           4  os_core.o(.data)
    OSFlagFreeList                           0x20000120   Data           4  os_core.o(.data)
    OSCPUUsage                               0x20000124   Data           1  os_core.o(.data)
    OSIdleCtrMax                             0x20000128   Data           4  os_core.o(.data)
    OSIdleCtrRun                             0x2000012c   Data           4  os_core.o(.data)
    OSStatRdy                                0x20000130   Data           1  os_core.o(.data)
    OSIntNesting                             0x20000131   Data           1  os_core.o(.data)
    OSLockNesting                            0x20000132   Data           1  os_core.o(.data)
    OSPrioCur                                0x20000133   Data           1  os_core.o(.data)
    OSPrioHighRdy                            0x20000134   Data           1  os_core.o(.data)
    OSRdyGrp                                 0x20000135   Data           1  os_core.o(.data)
    OSRdyTbl                                 0x20000136   Data           8  os_core.o(.data)
    OSRunning                                0x2000013e   Data           1  os_core.o(.data)
    OSTaskCtr                                0x2000013f   Data           1  os_core.o(.data)
    OSIdleCtr                                0x20000140   Data           4  os_core.o(.data)
    OSTCBCur                                 0x20000144   Data           4  os_core.o(.data)
    OSTCBFreeList                            0x20000148   Data           4  os_core.o(.data)
    OSTCBHighRdy                             0x2000014c   Data           4  os_core.o(.data)
    OSTCBList                                0x20000150   Data           4  os_core.o(.data)
    OSTickStepState                          0x20000154   Data           1  os_core.o(.data)
    OSQFreeList                              0x20000158   Data           4  os_core.o(.data)
    OSTime                                   0x2000015c   Data           4  os_core.o(.data)
    GUI_pfKeyMsgHook                         0x20000174   Data           4  gui_onkey.o(.data)
    GUI_DecChar                              0x200001b8   Data           1  guicore.o(.data)
    GUI_pfTimerExec                          0x200001bc   Data           4  guicore.o(.data)
    WM_pfHandlePID                           0x200001c0   Data           4  guicore.o(.data)
    GUI_pfDispCharStyle                      0x200001c4   Data           4  guicore.o(.data)
    GUI_pLCD_APIList                         0x200001c8   Data           4  guicore.o(.data)
    GUI_CURSOR_pfTempHide                    0x200001cc   Data           4  guicore.o(.data)
    GUI_CURSOR_pfTempUnhide                  0x200001d0   Data           4  guicore.o(.data)
    hFirstTimer                              0x20000210   Data           2  guitimer.o(.data)
    _hActiveTimer                            0x20000212   Data           2  guitimer.o(.data)
    LCD_aAPI                                 0x20000214   Data           4  lcd_api.o(.data)
    BUTTON__DefaultProps                     0x20000218   Data          32  button.o(.data)
    EDIT__DefaultProps                       0x2000023c   Data          28  edit.o(.data)
    FRAMEWIN__DefaultProps                   0x20000260   Data          32  framewin.o(.data)
    LISTBOX_DefaultProps                     0x20000284   Data          40  listbox.o(.data)
    SCROLLBAR__aDefaultBkColor               0x200002ac   Data           8  scrollbar.o(.data)
    SCROLLBAR__aDefaultColor                 0x200002b4   Data           8  scrollbar.o(.data)
    SCROLLBAR__DefaultWidth                  0x200002bc   Data           2  scrollbar.o(.data)
    _pEffectDefault                          0x200002c8   Data           4  widget.o(.data)
    WM__NumWindows                           0x200002ce   Data           2  wm.o(.data)
    WM__NumInvalidWindows                    0x200002d0   Data           2  wm.o(.data)
    WM__FirstWin                             0x200002d2   Data           2  wm.o(.data)
    WM__pFirstCriticalHandle                 0x200002d4   Data           4  wm.o(.data)
    WM__ahDesktopWin                         0x200002d8   Data           2  wm.o(.data)
    WM__aBkColor                             0x200002dc   Data           4  wm.o(.data)
    WM_IsActive                              0x200002e0   Data           1  wm.o(.data)
    WM__CreateFlags                          0x200002e2   Data           2  wm.o(.data)
    WM__hCapture                             0x200002e4   Data           2  wm.o(.data)
    WM__hWinFocus                            0x200002e6   Data           2  wm.o(.data)
    WM__CaptureReleaseAuto                   0x200002e8   Data           1  wm.o(.data)
    WM_pfPollPID                             0x200002ec   Data           4  wm.o(.data)
    WM__PaintCallbackCnt                     0x200002f0   Data           1  wm.o(.data)
    WM__TransWindowCnt                       0x200002f4   Data           4  wm.o(.data)
    WM__hATransWindow                        0x200002f8   Data           2  wm.o(.data)
    WM__CHWinModal                           0x20000304   Data           8  wmtouch.o(.data)
    WM__CHWinLast                            0x2000030c   Data           8  wmtouch.o(.data)
    MainTask_STK                             0x20000314   Data       12288  main.o(.bss)
    lastfname                                0x20003314   Data          30  motordrive.o(.bss)
    duration                                 0x20003334   Data          40  motordrive.o(.bss)
    speed                                    0x2000335c   Data          40  motordrive.o(.bss)
    stepHandles                              0x20003384   Data          20  editgroup.o(.bss)
    speedHandles                             0x20003398   Data          20  editgroup.o(.bss)
    durationHandles                          0x200033ac   Data          20  editgroup.o(.bss)
    theFile                                  0x200033c0   Data         552  retrievemode.o(.bss)
    fnamebuf                                 0x200035e8   Data          30  retrievemode.o(.bss)
    fileReadBuf                              0x20003606   Data          40  retrievemode.o(.bss)
    fs                                       0x20003630   Data         564  fat_api.o(.bss)
    SD_Buffer                                0x20003864   Data         520  fat_api.o(.bss)
    FileList                                 0x20003a6c   Data        2160  fat_api.o(.bss)
    wave                                     0x200042dc   Data          14  vs1003.o(.bss)
    lcddev                                   0x200042ea   Data          14  blcd.o(.bss)
    USART_RX_BUF                             0x200042f8   Data         200  usart.o(.bss)
    TIM4_TimeBaseStructure                   0x200043c0   Data          10  initialize.o(.bss)
    TIM4_OCInitStructure                     0x200043ca   Data          16  initialize.o(.bss)
    TIM4_BDTRInitStructure                   0x200043da   Data          14  initialize.o(.bss)
    OSEventTbl                               0x200043e8   Data         200  os_core.o(.bss)
    OSFlagTbl                                0x200044b0   Data          80  os_core.o(.bss)
    OSTaskStatStk                            0x20004500   Data         512  os_core.o(.bss)
    OSTaskIdleStk                            0x20004700   Data         512  os_core.o(.bss)
    OSTCBPrioTbl                             0x20004900   Data         256  os_core.o(.bss)
    OSTCBTbl                                 0x20004a00   Data         588  os_core.o(.bss)
    OSQTbl                                   0x20004c4c   Data          96  os_core.o(.bss)
    GUI_Heap                                 0x20004ce8   Data       10240  guialloc.o(.bss)
    GUI_ALLOC                                0x20007ef8   Data          20  guialloc.o(.bss)
    GUI_Context                              0x20007f0c   Data          96  guicore.o(.bss)
    LCD__aConvTable                          0x200080fc   Data         512  lcdcolor.o(.bss)
    WM_PID__StateLast                        0x200082fc   Data          12  wm.o(.bss)
    __initial_sp                             0x20009220   Data           0  startup_stm32f10x_hd.o(STACK)



==============================================================================

Memory Map of the image

  Image Entry point : 0x08000131

  Load Region LR_IROM1 (Base: 0x08000000, Size: 0x0001ed8c, Max: 0x00080000, ABSOLUTE, COMPRESSED[0x0001eb70])

    Execution Region ER_IROM1 (Base: 0x08000000, Size: 0x0001ea78, Max: 0x00080000, ABSOLUTE)

    Base Addr    Size         Type   Attr      Idx    E Section Name        Object

    0x08000000   0x00000130   Data   RO         1544    RESET               startup_stm32f10x_hd.o
    0x08000130   0x00000000   Code   RO        10096  * .ARM.Collect$$$$00000000  mc_w.l(entry.o)
    0x08000130   0x00000004   Code   RO        10484    .ARM.Collect$$$$00000001  mc_w.l(entry2.o)
    0x08000134   0x00000004   Code   RO        10487    .ARM.Collect$$$$00000004  mc_w.l(entry5.o)
    0x08000138   0x00000000   Code   RO        10489    .ARM.Collect$$$$00000008  mc_w.l(entry7b.o)
    0x08000138   0x00000000   Code   RO        10491    .ARM.Collect$$$$0000000A  mc_w.l(entry8b.o)
    0x08000138   0x00000008   Code   RO        10492    .ARM.Collect$$$$0000000B  mc_w.l(entry9a.o)
    0x08000140   0x00000000   Code   RO        10494    .ARM.Collect$$$$0000000D  mc_w.l(entry10a.o)
    0x08000140   0x00000000   Code   RO        10496    .ARM.Collect$$$$0000000F  mc_w.l(entry11a.o)
    0x08000140   0x00000004   Code   RO        10485    .ARM.Collect$$$$00002712  mc_w.l(entry2.o)
    0x08000144   0x0000000c   Code   RO         1079    .emb_text           sys.o
    0x08000150   0x00000060   Code   RO            3    .text               main.o
    0x080001b0   0x00000050   Code   RO          311    .text               stm32f10x_it.o
    0x08000200   0x0000004c   Code   RO          343    .text               int2str.o
    0x0800024c   0x000006a8   Code   RO          457    .text               motorgui.o
    0x080008f4   0x00000240   Code   RO          497    .text               editgroup.o
    0x08000b34   0x000004a8   Code   RO          518    .text               ikeyboard.o
    0x08000fdc   0x0000002c   Code   RO          562    .text               storemode.o
    0x08001008   0x000005d4   Code   RO          794    .text               sd.o
    0x080015dc   0x0000029c   Code   RO          821    .text               vs1003.o
    0x08001878   0x000002a0   Code   RO          848    .text               gt811.o
    0x08001b18   0x0000028c   Code   RO          892    .text               ctiic.o
    0x08001da4   0x0000094e   Code   RO          912    .text               blcd.o
    0x080026f2   0x00000002   PAD
    0x080026f4   0x0000018c   Code   RO          947    .text               usart.o
    0x08002880   0x00000070   Code   RO          978    .text               led.o
    0x080028f0   0x000009cc   Code   RO          998    .text               lcd_gui.o
    0x080032bc   0x00000020   Code   RO         1025    .text               gui_x_touch.o
    0x080032dc   0x00000120   Code   RO         1050    .text               gui_x_ucos.o
    0x080033fc   0x000002d4   Code   RO         1080    .text               sys.o
    0x080036d0   0x00000104   Code   RO         1103    .text               delay.o
    0x080037d4   0x000000ae   Code   RO         1125    .text               diskio.o
    0x08003882   0x00000002   PAD
    0x08003884   0x00002588   Code   RO         1146    .text               ff.o
    0x08005e0c   0x0000061c   Code   RO         1183    .text               initialize.o
    0x08006428   0x000000dc   Code   RO         1207    .text               misc.o
    0x08006504   0x00000618   Code   RO         1247    .text               stm32f10x_fsmc.o
    0x08006b1c   0x00000358   Code   RO         1267    .text               stm32f10x_gpio.o
    0x08006e74   0x000003a4   Code   RO         1287    .text               stm32f10x_rcc.o
    0x08007218   0x00000428   Code   RO         1309    .text               stm32f10x_usart.o
    0x08007640   0x000005bc   Code   RO         1329    .text               stm32f10x_flash.o
    0x08007bfc   0x00000e1a   Code   RO         1349    .text               stm32f10x_tim.o
    0x08008a16   0x00000002   PAD
    0x08008a18   0x0000044e   Code   RO         1369    .text               stm32f10x_adc.o
    0x08008e66   0x00000002   PAD
    0x08008e68   0x0000030c   Code   RO         1389    .text               stm32f10x_spi.o
    0x08009174   0x000000c4   Code   RO         1409    .text               stm32f10x_bkp.o
    0x08009238   0x000000cc   Code   RO         1429    .text               stm32f10x_pwr.o
    0x08009304   0x00000144   Code   RO         1449    .text               stm32f10x_rtc.o
    0x08009448   0x0000011c   Code   RO         1469    .text               stm32f10x_exti.o
    0x08009564   0x000001dc   Code   RO         1499    .text               system_stm32f10x.o
    0x08009740   0x00000024   Code   RO         1545    .text               startup_stm32f10x_hd.o
    0x08009764   0x000000ae   Code   RO         1551    .text               os_cpu_c.o
    0x08009812   0x00000002   PAD
    0x08009814   0x000000a4   Code   RO         1593    .text               os_cpu_a.o
    0x080098b8   0x000008ac   Code   RO         1598    .text               os_core.o
    0x0800a164   0x00000818   Code   RO         1626    .text               os_flag.o
    0x0800a97c   0x000003cc   Code   RO         1646    .text               os_mbox.o
    0x0800ad48   0x000005e8   Code   RO         1700    .text               os_q.o
    0x0800b330   0x00000388   Code   RO         1720    .text               os_sem.o
    0x0800b6b8   0x000007cc   Code   RO         1740    .text               os_task.o
    0x0800be84   0x000001c4   Code   RO         1760    .text               os_time.o
    0x0800c048   0x00000020   Code   RO         2176    .text               lcdpm565.o
    0x0800c068   0x000000c4   Code   RO         2270    .text               gui__calctextrect.o
    0x0800c12c   0x0000001a   Code   RO         2282    .text               gui__divideround.o
    0x0800c146   0x00000002   PAD
    0x0800c148   0x00000014   Code   RO         2306    .text               gui__getfontsizey.o
    0x0800c15c   0x0000001a   Code   RO         2318    .text               gui__getnumchars.o
    0x0800c176   0x00000018   Code   RO         2334    .text               gui__handleeoline.o
    0x0800c18e   0x00000042   Code   RO         2346    .text               gui__intersectrect.o
    0x0800c1d0   0x00000088   Code   RO         2358    .text               gui__intersectrects.o
    0x0800c258   0x00000054   Code   RO         2370    .text               gui__memset.o
    0x0800c2ac   0x0000004e   Code   RO         2382    .text               gui__memset16.o
    0x0800c2fa   0x00000022   Code   RO         2406    .text               gui__reducerect.o
    0x0800c31c   0x00000050   Code   RO         2418    .text               gui__settext.o
    0x0800c36c   0x00000050   Code   RO         2430    .text               gui__strcmp.o
    0x0800c3bc   0x00000016   Code   RO         2442    .text               gui__strlen.o
    0x0800c3d2   0x0000001c   Code   RO         2490    .text               gui_adddecmin.o
    0x0800c3ee   0x00000002   PAD
    0x0800c3f0   0x000000f0   Code   RO         2502    .text               gui_adddecshift.o
    0x0800c4e0   0x00000048   Code   RO         2547    .text               gui_alloc_allocinit.o
    0x0800c528   0x0000002a   Code   RO         2559    .text               gui_alloc_alloczero.o
    0x0800c552   0x0000001a   Code   RO         2607    .text               gui_clearrectex.o
    0x0800c56c   0x0000014c   Code   RO         3046    .text               gui_dispstring.o
    0x0800c6b8   0x00000028   Code   RO         3058    .text               gui_dispstringat.o
    0x0800c6e0   0x000001e0   Code   RO         3094    .text               gui_dispstringinrect.o
    0x0800c8c0   0x000000cc   Code   RO         3191    .text               gui_drawfocusrect.o
    0x0800c98c   0x00000060   Code   RO         3215    .text               gui_drawhline.o
    0x0800c9ec   0x0000005c   Code   RO         3275    .text               gui_drawvline.o
    0x0800ca48   0x00000038   Code   RO         3299    .text               gui_exec.o
    0x0800ca80   0x00000340   Code   RO         3311    .text               gui_fillpolygon.o
    0x0800cdc0   0x0000006c   Code   RO         3326    .text               gui_fillrect.o
    0x0800ce2c   0x0000001a   Code   RO         3338    .text               gui_fillrectex.o
    0x0800ce46   0x000000aa   Code   RO         3362    .text               gui_getbitmappixelindex.o
    0x0800cef0   0x00000012   Code   RO         3374    .text               gui_getclientrect.o
    0x0800cf02   0x0000005c   Code   RO         3386    .text               gui_getcolor.o
    0x0800cf5e   0x00000014   Code   RO         3434    .text               gui_getfontsizey.o
    0x0800cf72   0x00000016   Code   RO         3458    .text               gui_getstringdistx.o
    0x0800cf88   0x00000014   Code   RO         3520    .text               gui_getysizeoffont.o
    0x0800cf9c   0x00000070   Code   RO         3532    .text               gui_goto.o
    0x0800d00c   0x00000078   Code   RO         3556    .text               gui_invertrect.o
    0x0800d084   0x00000082   Code   RO         3592    .text               gui_mergerect.o
    0x0800d106   0x00000024   Code   RO         3632    .text               gui_moverect.o
    0x0800d12a   0x00000002   PAD
    0x0800d12c   0x00000098   Code   RO         3644    .text               gui_onkey.o
    0x0800d1c4   0x00000054   Code   RO         3667    .text               gui_pen.o
    0x0800d218   0x00000048   Code   RO         3679    .text               gui_pid.o
    0x0800d260   0x0000003a   Code   RO         3693    .text               gui_rectsintersect.o
    0x0800d29a   0x00000002   PAD
    0x0800d29c   0x00000024   Code   RO         3705    .text               gui_savecontext.o
    0x0800d2c0   0x00000018   Code   RO         3729    .text               gui_selectlcd.o
    0x0800d2d8   0x00000028   Code   RO         3741    .text               gui_setcolor.o
    0x0800d300   0x0000004c   Code   RO         3777    .text               gui_setdefault.o
    0x0800d34c   0x00000018   Code   RO         3789    .text               gui_setdrawmode.o
    0x0800d364   0x00000020   Code   RO         3801    .text               gui_setfont.o
    0x0800d384   0x0000001c   Code   RO         3825    .text               gui_setlinestyle.o
    0x0800d3a0   0x00000020   Code   RO         3899    .text               gui_settextalign.o
    0x0800d3c0   0x00000020   Code   RO         3911    .text               gui_settextmode.o
    0x0800d3e0   0x0000003c   Code   RO         3973    .text               gui_touch.o
    0x0800d41c   0x00000250   Code   RO         3987    .text               gui_touch_driveranalog.o
    0x0800d66c   0x00000030   Code   RO         4004    .text               gui_touch_storestate.o
    0x0800d69c   0x00000058   Code   RO         4017    .text               gui_touch_storeunstable.o
    0x0800d6f4   0x000000e8   Code   RO         4031    .text               gui_uc.o
    0x0800d7dc   0x00000038   Code   RO         4055    .text               gui_uc_encodenone.o
    0x0800d814   0x0000081c   Code   RO         4124    .text               gui2dlib.o
    0x0800e030   0x000003cc   Code   RO         4139    .text               guialloc.o
    0x0800e3fc   0x000000e8   Code   RO         4167    .text               guichar.o
    0x0800e4e4   0x000001b8   Code   RO         4179    .text               guicharline.o
    0x0800e69c   0x000001d8   Code   RO         4191    .text               guicharm.o
    0x0800e874   0x00000180   Code   RO         4203    .text               guicharp.o
    0x0800e9f4   0x00000484   Code   RO         4215    .text               guicirc.o
    0x0800ee78   0x00000124   Code   RO         4239    .text               guicore.o
    0x0800ef9c   0x0000063c   Code   RO         4260    .text               guicurs.o
    0x0800f5d8   0x00000058   Code   RO         4348    .text               guirealloc.o
    0x0800f630   0x00000148   Code   RO         4372    .text               guitask.o
    0x0800f778   0x0000003e   Code   RO         4387    .text               guitime.o
    0x0800f7b6   0x00000002   PAD
    0x0800f7b8   0x0000023c   Code   RO         4399    .text               guitimer.o
    0x0800f9f4   0x00000468   Code   RO         4450    .text               lcd.o
    0x0800fe5c   0x0000005c   Code   RO         4520    .text               lcd_drawvline.o
    0x0800feb8   0x00000010   Code   RO         4532    .text               lcd_getcolorindex.o
    0x0800fec8   0x00000038   Code   RO         4592    .text               lcd_l0_generic.o
    0x0800ff00   0x00000024   Code   RO         4751    .text               lcd_selectlcd.o
    0x0800ff24   0x00000020   Code   RO         4775    .text               lcd_setcliprectex.o
    0x0800ff44   0x00000024   Code   RO         4787    .text               lcd_updatecolorindices.o
    0x0800ff68   0x00000054   Code   RO         4811    .text               lcdcolor.o
    0x0800ffbc   0x00000030   Code   RO         4854    .text               lcdinfo0.o
    0x0800ffec   0x00000038   Code   RO         4937    .text               lcdpm565_index2color.o
    0x08010024   0x0000039c   Code   RO         5792    .text               button.o
    0x080103c0   0x0000005c   Code   RO         5854    .text               button_create.o
    0x0801041c   0x00000050   Code   RO         5866    .text               button_createindirect.o
    0x0801046c   0x000001b0   Code   RO         6168    .text               dialog.o
    0x0801061c   0x00000acc   Code   RO         6299    .text               edit.o
    0x080110e8   0x00000068   Code   RO         6317    .text               edit_create.o
    0x08011150   0x0000005c   Code   RO         6329    .text               edit_createindirect.o
    0x080111ac   0x00000360   Code   RO         6441    .text               editdec.o
    0x0801150c   0x0000018c   Code   RO         6453    .text               editfloat.o
    0x08011698   0x000007c8   Code   RO         6477    .text               framewin.o
    0x08011e60   0x000000fe   Code   RO         6495    .text               framewin__updatebuttons.o
    0x08011f5e   0x0000006a   Code   RO         6567    .text               framewin_create.o
    0x08011fc8   0x0000004e   Code   RO         6579    .text               framewin_createindirect.o
    0x08012016   0x0000004e   Code   RO         6690    .text               framewin_settitleheight.o
    0x08012064   0x000000b8   Code   RO         6702    .text               framewin_settitlevis.o
    0x0801211c   0x000001ac   Code   RO         6714    .text               gui_array.o
    0x080122c8   0x0000005e   Code   RO         6762    .text               gui_draw.o
    0x08012326   0x00000012   Code   RO         6890    .text               gui_hook.o
    0x08012338   0x00000dcc   Code   RO         6991    .text               listbox.o
    0x08013104   0x0000004c   Code   RO         7021    .text               listbox_createindirect.o
    0x08013150   0x00000044   Code   RO         7061    .text               listbox_font.o
    0x08013194   0x0000005a   Code   RO         7073    .text               listbox_getitemtext.o
    0x080131ee   0x00000026   Code   RO         7085    .text               listbox_getnumitems.o
    0x08013214   0x00000042   Code   RO         7145    .text               listbox_scrollstep.o
    0x08013256   0x00000080   Code   RO         7157    .text               listbox_setautoscroll.o
    0x080132d6   0x00000034   Code   RO         7205    .text               listbox_setscrollbarwidth.o
    0x0801330a   0x00000002   PAD
    0x0801330c   0x00000598   Code   RO         7888    .text               progbar.o
    0x080138a4   0x00000048   Code   RO         7912    .text               progbar_createindirect.o
    0x080138ec   0x000007ac   Code   RO         8080    .text               scrollbar.o
    0x08014098   0x00000070   Code   RO         8098    .text               scrollbar_create.o
    0x08014108   0x00000068   Code   RO         8122    .text               scrollbar_defaults.o
    0x08014170   0x00000026   Code   RO         8150    .text               scrollbar_setwidth.o
    0x08014196   0x00000002   PAD
    0x08014198   0x00000168   Code   RO         8200    .text               text.o
    0x08014300   0x0000005e   Code   RO         8217    .text               text_create.o
    0x0801435e   0x0000004e   Code   RO         8229    .text               text_createindirect.o
    0x080143ac   0x000004b8   Code   RO         8301    .text               widget.o
    0x08014864   0x000001ac   Code   RO         8316    .text               widget_effect_3d.o
    0x08014a10   0x00000028   Code   RO         8373    .text               widget_effect_none.o
    0x08014a38   0x00000120   Code   RO         8411    .text               widget_fillstringinrect.o
    0x08014b58   0x0000001e   Code   RO         8423    .text               widget_seteffect.o
    0x08014b76   0x00000042   Code   RO         8435    .text               widget_setwidth.o
    0x08014bb8   0x00000440   Code   RO         8478    .text               guidev.o
    0x08014ff8   0x000008a6   Code   RO         8572    .text               guidev_16.o
    0x0801589e   0x00000116   Code   RO         8640    .text               guidev_banding.o
    0x080159b4   0x00000048   Code   RO         8652    .text               guidev_clear.o
    0x080159fc   0x0000002c   Code   RO         8724    .text               guidev_getysize.o
    0x08015a28   0x00000038   Code   RO         8750    .text               guidev_reduceysize.o
    0x08015a60   0x0000006c   Code   RO         8762    .text               guidev_setorg.o
    0x08015acc   0x00000078   Code   RO         8774    .text               guidev_usage.o
    0x08015b44   0x00000230   Code   RO         8786    .text               guidev_usagebm.o
    0x08015d74   0x000010b4   Code   RO         8848    .text               wm.o
    0x08016e28   0x0000003c   Code   RO         8871    .text               wm__foreachdesc.o
    0x08016e64   0x0000001e   Code   RO         8883    .text               wm__getfirstsibling.o
    0x08016e82   0x00000002   PAD
    0x08016e84   0x00000024   Code   RO         8895    .text               wm__getfocussedchild.o
    0x08016ea8   0x00000036   Code   RO         8931    .text               wm__getprevsibling.o
    0x08016ede   0x0000004e   Code   RO         8943    .text               wm__isancestor.o
    0x08016f2c   0x00000028   Code   RO         8955    .text               wm__ischild.o
    0x08016f54   0x0000001a   Code   RO         8967    .text               wm__isenabled.o
    0x08016f6e   0x00000024   Code   RO         9003    .text               wm__sendmessage.o
    0x08016f92   0x00000018   Code   RO         9015    .text               wm__sendmessageifenabled.o
    0x08016faa   0x00000028   Code   RO         9027    .text               wm__sendmessagenopara.o
    0x08016fd2   0x00000186   Code   RO         9039    .text               wm__updatechildpositions.o
    0x08017158   0x00000050   Code   RO         9063    .text               wm_bringtobottom.o
    0x080171a8   0x00000090   Code   RO         9075    .text               wm_bringtotop.o
    0x08017238   0x00000076   Code   RO         9099    .text               wm_checkscrollpos.o
    0x080172ae   0x00000002   PAD
    0x080172b0   0x00000050   Code   RO         9111    .text               wm_criticalhandle.o
    0x08017300   0x0000001c   Code   RO         9147    .text               wm_foreachdesc.o
    0x0801731c   0x0000001c   Code   RO         9159    .text               wm_getbkcolor.o
    0x08017338   0x00000058   Code   RO         9171    .text               wm_getclientrect.o
    0x08017390   0x0000001a   Code   RO         9183    .text               wm_getclientwindow.o
    0x080173aa   0x00000002   PAD
    0x080173ac   0x0000000c   Code   RO         9195    .text               wm_getdesktopwindow.o
    0x080173b8   0x0000006a   Code   RO         9235    .text               wm_getdialogitem.o
    0x08017422   0x0000001c   Code   RO         9247    .text               wm_getfirstchild.o
    0x0801743e   0x0000001c   Code   RO         9259    .text               wm_getflags.o
    0x0801745a   0x00000014   Code   RO         9283    .text               wm_getid.o
    0x0801746e   0x00000002   PAD
    0x08017470   0x0000002c   Code   RO         9295    .text               wm_getinsiderect.o
    0x0801749c   0x000000be   Code   RO         9307    .text               wm_getinsiderectexscrollbar.o
    0x0801755a   0x0000001c   Code   RO         9355    .text               wm_getparent.o
    0x08017576   0x0000001c   Code   RO         9379    .text               wm_getscrollbar.o
    0x08017592   0x0000002a   Code   RO         9391    .text               wm_getscrollpartner.o
    0x080175bc   0x00000016   Code   RO         9403    .text               wm_getscrollstate.o
    0x080175d2   0x00000002   PAD
    0x080175d4   0x00000068   Code   RO         9415    .text               wm_getwindowrect.o
    0x0801763c   0x00000080   Code   RO         9427    .text               wm_getwindowsize.o
    0x080176bc   0x00000018   Code   RO         9439    .text               wm_hascaptured.o
    0x080176d4   0x00000038   Code   RO         9463    .text               wm_hide.o
    0x0801770c   0x00000020   Code   RO         9499    .text               wm_isfocussable.o
    0x0801772c   0x00000018   Code   RO         9523    .text               wm_iswindow.o
    0x08017744   0x00000110   Code   RO         9547    .text               wm_move.o
    0x08017854   0x00000058   Code   RO         9559    .text               wm_movechildto.o
    0x080178ac   0x00000016   Code   RO         9571    .text               wm_notifyparent.o
    0x080178c2   0x00000002   PAD
    0x080178c4   0x00000040   Code   RO         9583    .text               wm_onkey.o
    0x08017904   0x000000f2   Code   RO         9619    .text               wm_resizewindow.o
    0x080179f6   0x00000002   PAD
    0x080179f8   0x000000dc   Code   RO         9631    .text               wm_screen2win.o
    0x08017ad4   0x00000018   Code   RO         9643    .text               wm_sendmessagenopara.o
    0x08017aec   0x00000028   Code   RO         9655    .text               wm_sendtoparent.o
    0x08017b14   0x00000060   Code   RO         9691    .text               wm_setcapture.o
    0x08017b74   0x00000098   Code   RO         9703    .text               wm_setcapturemove.o
    0x08017c0c   0x00000010   Code   RO         9717    .text               wm_setcreateflags.o
    0x08017c1c   0x000000b0   Code   RO         9741    .text               wm_setfocus.o
    0x08017ccc   0x00000098   Code   RO         9753    .text               wm_setfocusonnextchild.o
    0x08017d64   0x0000009e   Code   RO         9801    .text               wm_setscrollbar.o
    0x08017e02   0x0000001c   Code   RO         9813    .text               wm_setscrollstate.o
    0x08017e1e   0x0000004a   Code   RO         9825    .text               wm_setsize.o
    0x08017e68   0x00000098   Code   RO         9837    .text               wm_settrans.o
    0x08017f00   0x00000020   Code   RO         9861    .text               wm_setusercliprect.o
    0x08017f20   0x0000004a   Code   RO         9873    .text               wm_setxsize.o
    0x08017f6a   0x0000004a   Code   RO         9885    .text               wm_setysize.o
    0x08017fb4   0x00000060   Code   RO         9897    .text               wm_show.o
    0x08018014   0x0000004a   Code   RO         9981    .text               wmmemdev.o
    0x0801805e   0x00000002   PAD
    0x08018060   0x00000228   Code   RO         9993    .text               wmtouch.o
    0x08018288   0x00000008   Code   RO        10099    .text               mc_w.l(ctype_o.o)
    0x08018290   0x00000040   Code   RO        10129    .text               mc_w.l(memmovea.o)
    0x080182d0   0x00000024   Code   RO        10131    .text               mc_w.l(memseta.o)
    0x080182f4   0x0000000e   Code   RO        10137    .text               mc_w.l(strlen.o)
    0x08018302   0x0000001a   Code   RO        10139    .text               mc_w.l(memcmp.o)
    0x0801831c   0x00000012   Code   RO        10141    .text               mc_w.l(strcpy.o)
    0x0801832e   0x000000b0   Code   RO        10436    .text               mf_w.l(fadd.o)
    0x080183de   0x0000006c   Code   RO        10438    .text               mf_w.l(fmul.o)
    0x0801844a   0x00000080   Code   RO        10440    .text               mf_w.l(fdiv.o)
    0x080184ca   0x0000014e   Code   RO        10442    .text               mf_w.l(dadd.o)
    0x08018618   0x00000012   Code   RO        10448    .text               mf_w.l(fflti.o)
    0x0801862a   0x0000000a   Code   RO        10450    .text               mf_w.l(ffltui.o)
    0x08018634   0x00000028   Code   RO        10458    .text               mf_w.l(ffixui.o)
    0x0801865c   0x0000003e   Code   RO        10460    .text               mf_w.l(dfixi.o)
    0x0801869a   0x00000026   Code   RO        10462    .text               mf_w.l(f2d.o)
    0x080186c0   0x00000014   Code   RO        10468    .text               mf_w.l(cfrcmple.o)
    0x080186d4   0x00000062   Code   RO        10500    .text               mc_w.l(uldiv.o)
    0x08018736   0x0000001e   Code   RO        10502    .text               mc_w.l(llshl.o)
    0x08018754   0x00000020   Code   RO        10504    .text               mc_w.l(llushr.o)
    0x08018774   0x00000024   Code   RO        10506    .text               mc_w.l(llsshr.o)
    0x08018798   0x00000000   Code   RO        10517    .text               mc_w.l(iusefp.o)
    0x08018798   0x0000006c   Code   RO        10518    .text               mf_w.l(fepilogue.o)
    0x08018804   0x000000be   Code   RO        10520    .text               mf_w.l(depilogue.o)
    0x080188c2   0x00000002   PAD
    0x080188c4   0x00000028   Code   RO        10530    .text               mf_w.l(cdrcmple.o)
    0x080188ec   0x00000024   Code   RO        10538    .text               mc_w.l(init.o)
    0x08018910   0x0000005c   Code   RO        10548    .text               mc_w.l(__dczerorl2.o)
    0x0801896c   0x00000020   Code   RO        10280    i.__0printf$5       mc_w.l(printf5.o)
    0x0801898c   0x0000000e   Code   RO        10542    i.__scatterload_copy  mc_w.l(handlers.o)
    0x0801899a   0x00000002   Code   RO        10543    i.__scatterload_null  mc_w.l(handlers.o)
    0x0801899c   0x0000000e   Code   RO        10544    i.__scatterload_zeroinit  mc_w.l(handlers.o)
    0x080189aa   0x00000002   PAD
    0x080189ac   0x000002c0   Code   RO        10287    i._printf_core      mc_w.l(printf5.o)
    0x08018c6c   0x000000dc   Code   RO        10077    i.floor             m_ws.l(floor.o)
    0x08018d48   0x00000148   Data   RO          458    .constdata          motorgui.o
    0x08018e90   0x00000b0e   Data   RO          823    .constdata          vs1003.o
    0x0801999e   0x0000006a   Data   RO          849    .constdata          gt811.o
    0x08019a08   0x00000a64   Data   RO          914    .constdata          blcd.o
    0x0801a46c   0x000000ac   Data   RO         1147    .constdata          ff.o
    0x0801a518   0x00000100   Data   RO         1600    .constdata          os_core.o
    0x0801a618   0x00000028   Data   RO         2503    .constdata          gui_adddecshift.o
    0x0801a640   0x00000020   Data   RO         2678    .constdata          gui_cursorarrowm.o
    0x0801a660   0x0000003c   Data   RO         2712    .constdata          gui_cursorarrowmpx.o
    0x0801a69c   0x00000018   Data   RO         2960    .constdata          gui_cursorpal.o
    0x0801a6b4   0x00000010   Data   RO         4056    .constdata          gui_uc_encodenone.o
    0x0801a6c4   0x00000044   Data   RO         4125    .constdata          gui2dlib.o
    0x0801a708   0x00000008   Data   RO         4241    .constdata          guicore.o
    0x0801a710   0x00000040   Data   RO         4462    .constdata          lcd_api.o
    0x0801a750   0x00000100   Data   RO         4604    .constdata          lcd_mirror.o
    0x0801a850   0x00000734   Data   RO         4994    .constdata          f6x8.o
    0x0801af84   0x00000634   Data   RO         5025    .constdata          f08_1.o
    0x0801b5b8   0x0000061c   Data   RO         5039    .constdata          f08_ascii.o
    0x0801bbd4   0x00000868   Data   RO         5228    .constdata          f13_1.o
    0x0801c43c   0x00000820   Data   RO         5241    .constdata          f13_ascii.o
    0x0801cc5c   0x00001c44   Data   RO         5515    .constdata          f32_ascii.o
    0x0801e8a0   0x00000018   Data   RO         8317    .constdata          widget_effect_3d.o
    0x0801e8b8   0x00000018   Data   RO         8374    .constdata          widget_effect_none.o
    0x0801e8d0   0x00000060   Data   RO         8573    .constdata          guidev_16.o
    0x0801e930   0x00000018   Data   RO         8787    .constdata          guidev_usagebm.o
    0x0801e948   0x00000081   Data   RO        10100    .constdata          mc_w.l(ctype_o.o)
    0x0801e9c9   0x00000003   PAD
    0x0801e9cc   0x00000004   Data   RO        10101    .constdata          mc_w.l(ctype_o.o)
    0x0801e9d0   0x00000087   Data   RO          459    .conststring        motorgui.o
    0x0801ea57   0x00000001   PAD
    0x0801ea58   0x00000020   Data   RO        10540    Region$$Table       anon$$obj.o


    Execution Region RW_IRAM1 (Base: 0x20000000, Size: 0x00009220, Max: 0x00010000, ABSOLUTE, COMPRESSED[0x000000f8])

    Base Addr    Size         Type   Attr      Idx    E Section Name        Object

    0x20000000   0x0000001e   Data   RW          460    .data               motorgui.o
    0x2000001e   0x00000002   PAD
    0x20000020   0x00000074   Data   RW          519    .data               ikeyboard.o
    0x20000094   0x00000008   Data   RW          795    .data               sd.o
    0x2000009c   0x00000024   Data   RW          850    .data               gt811.o
    0x200000c0   0x00000004   Data   RW          915    .data               blcd.o
    0x200000c4   0x00000008   Data   RW          949    .data               usart.o
    0x200000cc   0x00000011   Data   RW         1051    .data               gui_x_ucos.o
    0x200000dd   0x00000001   PAD
    0x200000de   0x00000004   Data   RW         1104    .data               delay.o
    0x200000e2   0x00000002   PAD
    0x200000e4   0x0000000b   Data   RW         1148    .data               ff.o
    0x200000ef   0x00000014   Data   RW         1288    .data               stm32f10x_rcc.o
    0x20000103   0x00000001   PAD
    0x20000104   0x00000014   Data   RW         1500    .data               system_stm32f10x.o
    0x20000118   0x00000048   Data   RW         1601    .data               os_core.o
    0x20000160   0x00000004   Data   RW         3313    .data               gui_fillpolygon.o
    0x20000164   0x00000014   Data   RW         3645    .data               gui_onkey.o
    0x20000178   0x00000034   Data   RW         3988    .data               gui_touch_driveranalog.o
    0x200001ac   0x00000008   Data   RW         4018    .data               gui_touch_storeunstable.o
    0x200001b4   0x00000001   Data   RW         4141    .data               guialloc.o
    0x200001b5   0x00000003   PAD
    0x200001b8   0x0000001c   Data   RW         4242    .data               guicore.o
    0x200001d4   0x00000030   Data   RW         4261    .data               guicurs.o
    0x20000204   0x0000000c   Data   RW         4374    .data               guitask.o
    0x20000210   0x00000004   Data   RW         4400    .data               guitimer.o
    0x20000214   0x00000004   Data   RW         4463    .data               lcd_api.o
    0x20000218   0x00000020   Data   RW         5793    .data               button.o
    0x20000238   0x00000004   Data   RW         6169    .data               dialog.o
    0x2000023c   0x00000024   Data   RW         6300    .data               edit.o
    0x20000260   0x00000022   Data   RW         6478    .data               framewin.o
    0x20000282   0x00000002   PAD
    0x20000284   0x00000028   Data   RW         6992    .data               listbox.o
    0x200002ac   0x00000012   Data   RW         8081    .data               scrollbar.o
    0x200002be   0x00000002   PAD
    0x200002c0   0x00000008   Data   RW         8201    .data               text.o
    0x200002c8   0x00000004   Data   RW         8302    .data               widget.o
    0x200002cc   0x00000031   Data   RW         8850    .data               wm.o
    0x200002fd   0x00000001   PAD
    0x200002fe   0x00000004   Data   RW         9704    .data               wm_setcapturemove.o
    0x20000302   0x00000002   PAD
    0x20000304   0x00000010   Data   RW         9994    .data               wmtouch.o
    0x20000314   0x00003000   Zero   RW            4    .bss                main.o
    0x20003314   0x00000070   Zero   RW          438    .bss                motordrive.o
    0x20003384   0x0000003c   Zero   RW          498    .bss                editgroup.o
    0x200033c0   0x0000026e   Zero   RW          575    .bss                retrievemode.o
    0x2000362e   0x00000002   PAD
    0x20003630   0x00000cac   Zero   RW          681    .bss                fat_api.o
    0x200042dc   0x0000000e   Zero   RW          822    .bss                vs1003.o
    0x200042ea   0x0000000e   Zero   RW          913    .bss                blcd.o
    0x200042f8   0x000000c8   Zero   RW          948    .bss                usart.o
    0x200043c0   0x00000028   Zero   RW         1184    .bss                initialize.o
    0x200043e8   0x000008c4   Zero   RW         1599    .bss                os_core.o
    0x20004cac   0x00000018   Zero   RW         3312    .bss                gui_fillpolygon.o
    0x20004cc4   0x0000000c   Zero   RW         3680    .bss                gui_pid.o
    0x20004cd0   0x0000000c   Zero   RW         3974    .bss                gui_touch.o
    0x20004cdc   0x0000000c   Zero   RW         4005    .bss                gui_touch_storestate.o
    0x20004ce8   0x00003224   Zero   RW         4140    .bss                guialloc.o
    0x20007f0c   0x00000060   Zero   RW         4240    .bss                guicore.o
    0x20007f6c   0x00000190   Zero   RW         4373    .bss                guitask.o
    0x200080fc   0x00000200   Zero   RW         4812    .bss                lcdcolor.o
    0x200082fc   0x00000024   Zero   RW         8849    .bss                wm.o
    0x20008320   0x00000f00   Zero   RW         1542    STACK               startup_stm32f10x_hd.o


==============================================================================

Image component sizes


      Code (inc. data)   RO Data    RW Data    ZI Data      Debug   Object Name

      2382         78       2660          4         14      10658   blcd.o
       924          6          0         32          0       6056   button.o
        92          0          0          0          0       1089   button_create.o
        80          0          0          0          0        712   button_createindirect.o
       652         32          0          0          0       1860   ctiic.o
       260         22          0          4          0       1223   delay.o
       432          6          0          4          0       3619   dialog.o
       174          0          0          0          0       2858   diskio.o
         0          0          0          0          0        504   dropdown.o
      2764         22          0         36          0      11873   edit.o
       104          0          0          0          0       1181   edit_create.o
        92          0          0          0          0        722   edit_createindirect.o
         0          0          0          0          0        901   edit_default.o
       864         14          0          0          0       3582   editdec.o
       396         14          0          0          0       1950   editfloat.o
       576         40          0          0         60       3575   editgroup.o
         0          0       1588          0          0       5784   f08_1.o
         0          0       1564          0          0        660   f08_ascii.o
         0          0       2152          0          0       6144   f13_1.o
         0          0       2080          0          0       6691   f13_ascii.o
         0          0       7236          0          0       6884   f32_ascii.o
         0          0       1844          0          0       2058   f6x8.o
         0          0          0          0       3244        575   fat_api.o
      9608        136        172         11          0      27786   ff.o
         0          0          0          0          0       1072   filebrowser.o
      1992         20          0         34          0       8040   framewin.o
       254          0          0          0          0       1466   framewin__updatebuttons.o
       106          0          0          0          0       1221   framewin_create.o
        78          0          0          0          0        726   framewin_createindirect.o
        78          0          0          0          0       1078   framewin_settitleheight.o
       184          0          0          0          0       1307   framewin_settitlevis.o
       672         54        106         36          0       3300   gt811.o
      2076         18         68          0          0       8160   gui2dlib.o
       196          0          0          0          0       1292   gui__calctextrect.o
        26          0          0          0          0        539   gui__divideround.o
        20          4          0          0          0        436   gui__getfontsizey.o
        26          0          0          0          0        523   gui__getnumchars.o
        24          0          0          0          0        596   gui__handleeoline.o
        66          0          0          0          0        805   gui__intersectrect.o
       136          0          0          0          0       1034   gui__intersectrects.o
        84          0          0          0          0        726   gui__memset.o
        78          0          0          0          0        732   gui__memset16.o
        34          0          0          0          0        810   gui__reducerect.o
        80          0          0          0          0        679   gui__settext.o
        80          4          0          0          0        805   gui__strcmp.o
        22          0          0          0          0        486   gui__strlen.o
        28          0          0          0          0        544   gui_adddecmin.o
       240         10         40          0          0       2023   gui_adddecshift.o
        72          0          0          0          0        710   gui_alloc_allocinit.o
        42          0          0          0          0        542   gui_alloc_alloczero.o
       428          0          0          0          0       3190   gui_array.o
        26          0          0          0          0        738   gui_clearrectex.o
         0          0         32          0          0      15584   gui_cursorarrowm.o
         0          0         60          0          0        508   gui_cursorarrowmpx.o
         0          0         24          0          0        548   gui_cursorpal.o
       332          4          0          0          0        921   gui_dispstring.o
        40          6          0          0          0        563   gui_dispstringat.o
       480          6          0          0          0       2125   gui_dispstringinrect.o
        94          0          0          0          0       1459   gui_draw.o
       204          4          0          0          0       1056   gui_drawfocusrect.o
        96          6          0          0          0        584   gui_drawhline.o
        92          6          0          0          0        584   gui_drawvline.o
        56          4          0          0          0        617   gui_exec.o
       832         12          0          4         24       4053   gui_fillpolygon.o
       108          6          0          0          0        627   gui_fillrect.o
        26          0          0          0          0        733   gui_fillrectex.o
       170          0          0          0          0       1078   gui_getbitmappixelindex.o
        18          0          0          0          0        848   gui_getclientrect.o
        92          0          0          0          0        980   gui_getcolor.o
        20          0          0          0          0        475   gui_getfontsizey.o
        22          0          0          0          0        517   gui_getstringdistx.o
        20          0          0          0          0        648   gui_getysizeoffont.o
       112          6          0          0          0       1153   gui_goto.o
        18          0          0          0          0       1055   gui_hook.o
       120          4          0          0          0        653   gui_invertrect.o
       130          0          0          0          0        948   gui_mergerect.o
        36          0          0          0          0        779   gui_moverect.o
       152         12          0         20          0      17051   gui_onkey.o
        84          4          0          0          0       1048   gui_pen.o
        72         12          0          0         12       1298   gui_pid.o
        58          0          0          0          0        901   gui_rectsintersect.o
        36          4          0          0          0        941   gui_savecontext.o
        24          0          0          0          0        436   gui_selectlcd.o
        40          0          0          0          0        638   gui_setcolor.o
        76          6          0          0          0        579   gui_setdefault.o
        24          0          0          0          0        518   gui_setdrawmode.o
        32          6          0          0          0        518   gui_setfont.o
        28          6          0          0          0        535   gui_setlinestyle.o
        32          4          0          0          0        519   gui_settextalign.o
        32          4          0          0          0        514   gui_settextmode.o
        60          4          0          0         12       1188   gui_touch.o
       592         42          0         52          0       3552   gui_touch_driveranalog.o
        48          6          0          0         12        567   gui_touch_storestate.o
        88          8          0          8          0       1036   gui_touch_storeunstable.o
       232          6          0          0          0       1996   gui_uc.o
        56          8         16          0          0       1576   gui_uc_encodenone.o
        32          4          0          0          0        876   gui_x_touch.o
       288         26          0         17          0      10343   gui_x_ucos.o
       972         16          0          1      12836       5484   guialloc.o
       232          8          0          0          0       1204   guichar.o
       440         12          0          0          0       2035   guicharline.o
       472          6          0          0          0       2049   guicharm.o
       384          4          0          0          0       1965   guicharp.o
      1156         10          0          0          0       3438   guicirc.o
       292         24          8         28         96       5304   guicore.o
      1596         88          0         48          0       5861   guicurs.o
      1088         14          0          0          0       5605   guidev.o
      2214         18         96          0          0      35428   guidev_16.o
       278          0          0          0          0       1798   guidev_banding.o
        72          6          0          0          0        983   guidev_clear.o
        44          4          0          0          0        914   guidev_getysize.o
        56          6          0          0          0        977   guidev_reduceysize.o
       108          4          0          0          0       1064   guidev_setorg.o
       120          4          0          0          0       1369   guidev_usage.o
       560          6         24          0          0       3282   guidev_usagebm.o
        88          0          0          0          0        760   guirealloc.o
       328         20          0         12        400       1895   guitask.o
        62          0          0          0          0        684   guitime.o
       572         12          0          4          0       3984   guitimer.o
      1192         84          0        116          0       5503   ikeyboard.o
      1564        188          0          0         40       4038   initialize.o
        76          0          0          0          0        570   int2str.o
      1128         12          0          0          0       4396   lcd.o
         0          0         64          4          0        582   lcd_api.o
        92          4          0          0          0        564   lcd_drawvline.o
        16          4          0          0          0        568   lcd_getcolorindex.o
      2508         42          0          0          0       6556   lcd_gui.o
        56          0          0          0          0       1079   lcd_l0_generic.o
         0          0        256          0          0        486   lcd_mirror.o
        36         10          0          0          0        428   lcd_selectlcd.o
        32          4          0          0          0        780   lcd_setcliprectex.o
        36          4          0          0          0        457   lcd_updatecolorindices.o
        84          4          0          0        512       1626   lcdcolor.o
        48          0          0          0          0       1373   lcdinfo0.o
        32          0          0          0          0        745   lcdpm565.o
        56          0          0          0          0        583   lcdpm565_index2color.o
       112         12          0          0          0        399   led.o
      3532         10          0         40          0      16406   listbox.o
        76          0          0          0          0        721   listbox_createindirect.o
         0          0          0          0          0       1043   listbox_default.o
        68          0          0          0          0       1202   listbox_font.o
        90          0          0          0          0       1242   listbox_getitemtext.o
        38          0          0          0          0        910   listbox_getnumitems.o
        66          0          0          0          0       1312   listbox_scrollstep.o
       128          0          0          0          0       1512   listbox_setautoscroll.o
        52          0          0          0          0        940   listbox_setscrollbarwidth.o
        96         10          0          0      12288     311631   main.o
       220         20          0          0          0       1817   misc.o
         0          0          0          0        112        563   motordrive.o
      1704        174        463         30          0       7661   motorgui.o
      2220        220        256         72       2244      14667   os_core.o
       164         32          0          0          0        280   os_cpu_a.o
       174          0          0          0          0      10222   os_cpu_c.o
      2072         40          0          0          0       6692   os_flag.o
       972         18          0          0          0       4026   os_mbox.o
      1512         32          0          0          0       5433   os_q.o
       904         16          0          0          0       3778   os_sem.o
      1996         70          0          0          0       7333   os_task.o
       452         30          0          0          0       1897   os_time.o
      1432         18          0          0          0       6619   progbar.o
        72          0          0          0          0        709   progbar_createindirect.o
         0          0          0          0        622        579   retrievemode.o
      1964         16          0         18          0       8569   scrollbar.o
       112          0          0          0          0       1104   scrollbar_create.o
       104         12          0          0          0       1718   scrollbar_defaults.o
        38          0          0          0          0        577   scrollbar_setwidth.o
      1492         14          0          8          0       7162   sd.o
        36          8        304          0       3840        856   startup_stm32f10x_hd.o
      1102         26          0          0          0      10849   stm32f10x_adc.o
       196          8          0          0          0       3476   stm32f10x_bkp.o
       284         10          0          0          0       2251   stm32f10x_exti.o
      1468         34          0          0          0       8042   stm32f10x_flash.o
      1560         54          0          0          0       5355   stm32f10x_fsmc.o
       856         40          0          0          0       5661   stm32f10x_gpio.o
        80          6          0          0          0       1390   stm32f10x_it.o
       204         16          0          0          0       1915   stm32f10x_pwr.o
       932         44          0         20          0       8804   stm32f10x_rcc.o
       324          4          0          0          0       2662   stm32f10x_rtc.o
       780         14          0          0          0       6542   stm32f10x_spi.o
      3610         88          0          0          0      22148   stm32f10x_tim.o
      1064         26          0          0          0       8551   stm32f10x_usart.o
        44          6          0          0          0        574   storemode.o
       736         50          0          0          0       2787   sys.o
       476         36          0         20          0       1907   system_stm32f10x.o
       360         14          0          8          0       2985   text.o
        94          0          0          0          0       1253   text_create.o
        78          0          0          0          0        710   text_createindirect.o
       396         26          0          8        200       2986   usart.o
       668         16       2830          0         14       3219   vs1003.o
      1208          4          0          4          0       7533   widget.o
       428         18         24          0          0       3688   widget_effect_3d.o
        40          6         24          0          0       3422   widget_effect_none.o
       288          6          0          0          0       1343   widget_fillstringinrect.o
         0          0          0          0          0       5031   widget_listview.o
        30          0          0          0          0        535   widget_seteffect.o
        66          0          0          0          0       1038   widget_setwidth.o
         0          0          0          0          0      15578   widget_simpleprogbar.o
      4276        172          0         49         36      18819   wm.o
        60          0          0          0          0        906   wm__foreachdesc.o
        30          0          0          0          0        534   wm__getfirstsibling.o
        36          6          0          0          0        531   wm__getfocussedchild.o
        54          0          0          0          0        829   wm__getprevsibling.o
        78          0          0          0          0       1162   wm__isancestor.o
        40          0          0          0          0        850   wm__ischild.o
        26          0          0          0          0        500   wm__isenabled.o
        36          0          0          0          0        862   wm__sendmessage.o
        24          0          0          0          0        539   wm__sendmessageifenabled.o
        40          0          0          0          0        936   wm__sendmessagenopara.o
       390          0          0          0          0       1511   wm__updatechildpositions.o
        80          0          0          0          0        895   wm_bringtobottom.o
       144          6          0          0          0       1476   wm_bringtotop.o
       118          0          0          0          0       1387   wm_checkscrollpos.o
        80          4          0          0          0        857   wm_criticalhandle.o
        28          0          0          0          0        809   wm_foreachdesc.o
        28          0          0          0          0        540   wm_getbkcolor.o
        88          8          0          0          0       1018   wm_getclientrect.o
        26          0          0          0          0        521   wm_getclientwindow.o
        12          4          0          0          0        438   wm_getdesktopwindow.o
       106          0          0          0          0       1199   wm_getdialogitem.o
        28          0          0          0          0        499   wm_getfirstchild.o
        28          0          0          0          0        510   wm_getflags.o
        20          0          0          0          0        479   wm_getid.o
        44          4          0          0          0        950   wm_getinsiderect.o
       190          0          0          0          0       1150   wm_getinsiderectexscrollbar.o
        28          0          0          0          0        483   wm_getparent.o
        28          0          0          0          0        676   wm_getscrollbar.o
        42          0          0          0          0        550   wm_getscrollpartner.o
        22          0          0          0          0        792   wm_getscrollstate.o
       104          8          0          0          0       1214   wm_getwindowrect.o
       128          0          0          0          0       1596   wm_getwindowsize.o
        24          4          0          0          0        489   wm_hascaptured.o
        56          0          0          0          0        808   wm_hide.o
        32          0          0          0          0        542   wm_isfocussable.o
        24          0          0          0          0        494   wm_iswindow.o
       272          0          0          0          0       1848   wm_move.o
        88          0          0          0          0        965   wm_movechildto.o
        22          0          0          0          0        530   wm_notifyparent.o
        64          6          0          0          0        607   wm_onkey.o
       242          0          0          0          0       1118   wm_resizewindow.o
       220          6          0          0          0       1845   wm_screen2win.o
        24          0          0          0          0        531   wm_sendmessagenopara.o
        40          0          0          0          0        574   wm_sendtoparent.o
        96          8          0          0          0        814   wm_setcapture.o
       152          4          0          4          0       1180   wm_setcapturemove.o
        16          6          0          0          0        492   wm_setcreateflags.o
       176          4          0          0          0        674   wm_setfocus.o
       152          0          0          0          0       1477   wm_setfocusonnextchild.o
       158          0          0          0          0       1588   wm_setscrollbar.o
        28          0          0          0          0        812   wm_setscrollstate.o
        74          0          0          0          0        945   wm_setsize.o
       152          6          0          0          0       1235   wm_settrans.o
        32          6          0          0          0        801   wm_setusercliprect.o
        74          0          0          0          0        834   wm_setxsize.o
        74          0          0          0          0        834   wm_setysize.o
        96          0          0          0          0       1117   wm_show.o
        74          0          0          0          0       1027   wmmemdev.o
       552         20          0         16          0       4164   wmtouch.o

    ----------------------------------------------------------------------
     98628       2910      24024        788      36620    1000846   Object Totals
         0          0         32          0          0          0   (incl. Generated)
        40          0          1         16          2          0   (incl. Padding)

    ----------------------------------------------------------------------

      Code (inc. data)   RO Data    RW Data    ZI Data      Debug   Library Member Name

       220         16          0          0          0         84   floor.o
        92          0          0          0          0          0   __dczerorl2.o
         8          4        133          0          0         68   ctype_o.o
         0          0          0          0          0          0   entry.o
         0          0          0          0          0          0   entry10a.o
         0          0          0          0          0          0   entry11a.o
         8          4          0          0          0          0   entry2.o
         4          0          0          0          0          0   entry5.o
         0          0          0          0          0          0   entry7b.o
         0          0          0          0          0          0   entry8b.o
         8          4          0          0          0          0   entry9a.o
        30          0          0          0          0          0   handlers.o
        36          8          0          0          0         68   init.o
         0          0          0          0          0          0   iusefp.o
        30          0          0          0          0         68   llshl.o
        36          0          0          0          0         68   llsshr.o
        32          0          0          0          0         68   llushr.o
        26          0          0          0          0         80   memcmp.o
        64          0          0          0          0         76   memmovea.o
        36          0          0          0          0        108   memseta.o
       736         56          0          0          0        184   printf5.o
        18          0          0          0          0         68   strcpy.o
        14          0          0          0          0         68   strlen.o
        98          0          0          0          0         92   uldiv.o
        40          2          0          0          0         68   cdrcmple.o
        20          0          0          0          0         68   cfrcmple.o
       334          0          0          0          0        144   dadd.o
       190          0          0          0          0        176   depilogue.o
        62          0          0          0          0         80   dfixi.o
        38          0          0          0          0         68   f2d.o
       176          0          0          0          0        140   fadd.o
       128          0          0          0          0         88   fdiv.o
       108          0          0          0          0        168   fepilogue.o
        40          0          0          0          0         68   ffixui.o
        18          0          0          0          0         68   fflti.o
        10          0          0          0          0         68   ffltui.o
       108          0          0          0          0         76   fmul.o

    ----------------------------------------------------------------------
      2772         94        136          0          0       2380   Library Totals
         4          0          3          0          0          0   (incl. Padding)

    ----------------------------------------------------------------------

      Code (inc. data)   RO Data    RW Data    ZI Data      Debug   Library Name

       220         16          0          0          0         84   m_ws.l
      1276         76        133          0          0       1016   mc_w.l
      1272          2          0          0          0       1280   mf_w.l

    ----------------------------------------------------------------------
      2772         94        136          0          0       2380   Library Totals

    ----------------------------------------------------------------------

==============================================================================


      Code (inc. data)   RO Data    RW Data    ZI Data      Debug   

    101400       3004      24160        788      36620     985702   Grand Totals
    101400       3004      24160        248      36620     985702   ELF Image Totals (compressed)
    101400       3004      24160        248          0          0   ROM Totals

==============================================================================

    Total RO  Size (Code + RO Data)               125560 ( 122.62kB)
    Total RW  Size (RW Data + ZI Data)             37408 (  36.53kB)
    Total ROM Size (Code + RO Data + RW Data)     125808 ( 122.86kB)

==============================================================================

